torchrun : W1121 14:30:32.699000 29684 site-packages\torch\distrib
uted\elastic\multiprocessing\redirects.py:29] NOTE: Redirects are 
currently not supported in Windows or MacOs.
At line:1 char:58
+ ... localhost'; torchrun --nproc_per_node=2 
tests/test_parallel_groupnorm ...
+                 
~~~~~~~~~~~~~~~~~~~~~~~~~~~~~~~~~~~~~~~~~~~~~~~~~~~~~~~~~
    + CategoryInfo          : NotSpecified: (W1121 14:30:32....nd 
   ows or MacOs.:String) [], RemoteException
    + FullyQualifiedErrorId : NativeCommandError
 
W1121 14:30:32.870000 29684 
site-packages\torch\distributed\run.py:774] 
W1121 14:30:32.870000 29684 
site-packages\torch\distributed\run.py:774] 
*****************************************
W1121 14:30:32.870000 29684 
site-packages\torch\distributed\run.py:774] Setting 
OMP_NUM_THREADS environment variable for each process to be 1 in 
default, to avoid your system being overloaded, please further 
tune the variable for optimal performance in your application as 
needed. 
W1121 14:30:32.870000 29684 
site-packages\torch\distributed\run.py:774] 
*****************************************
Traceback (most recent call last):
  File "<frozen runpy>", line 198, in _run_module_as_main
  File "<frozen runpy>", line 88, in _run_code
  File 
"C:\Users\surface\anaconda3\Scripts\torchrun.exe\__main__.py", 
line 7, in <module>
    sys.exit(main())
             ~~~~^^
  File "C:\Users\surface\anaconda3\Lib\site-packages\torch\distrib
uted\elastic\multiprocessing\errors\__init__.py", line 357, in 
wrapper
    return f(*args, **kwargs)
  File "C:\Users\surface\anaconda3\Lib\site-packages\torch\distrib
uted\run.py", line 901, in main
    run(args)
    ~~~^^^^^^
  File "C:\Users\surface\anaconda3\Lib\site-packages\torch\distrib
uted\run.py", line 892, in run
    elastic_launch(
    ~~~~~~~~~~~~~~~
        config=config,
        ~~~~~~~~~~~~~~
        entrypoint=cmd,
        ~~~~~~~~~~~~~~~
    )(*cmd_args)
    ~^^^^^^^^^^^
  File "C:\Users\surface\anaconda3\Lib\site-packages\torch\distrib
uted\launcher\api.py", line 143, in __call__
    return launch_agent(self._config, self._entrypoint, 
list(args))
  File "C:\Users\surface\anaconda3\Lib\site-packages\torch\distrib
uted\launcher\api.py", line 268, in launch_agent
    result = agent.run()
  File "C:\Users\surface\anaconda3\Lib\site-packages\torch\distrib
uted\elastic\metrics\api.py", line 138, in wrapper
    result = f(*args, **kwargs)
  File "C:\Users\surface\anaconda3\Lib\site-packages\torch\distrib
uted\elastic\agent\server\api.py", line 715, in run
    result = self._invoke_run(role)
  File "C:\Users\surface\anaconda3\Lib\site-packages\torch\distrib
uted\elastic\agent\server\api.py", line 873, in _invoke_run
    self._initialize_workers(self._worker_group)
    ~~~~~~~~~~~~~~~~~~~~~~~~^^^^^^^^^^^^^^^^^^^^
  File "C:\Users\surface\anaconda3\Lib\site-packages\torch\distrib
uted\elastic\metrics\api.py", line 138, in wrapper
    result = f(*args, **kwargs)
  File "C:\Users\surface\anaconda3\Lib\site-packages\torch\distrib
uted\elastic\agent\server\api.py", line 683, in 
_initialize_workers
    self._rendezvous(worker_group)
    ~~~~~~~~~~~~~~~~^^^^^^^^^^^^^^
  File "C:\Users\surface\anaconda3\Lib\site-packages\torch\distrib
uted\elastic\metrics\api.py", line 138, in wrapper
    result = f(*args, **kwargs)
  File "C:\Users\surface\anaconda3\Lib\site-packages\torch\distrib
uted\elastic\agent\server\api.py", line 498, in _rendezvous
    rdzv_info = spec.rdzv_handler.next_rendezvous()
  File "C:\Users\surface\anaconda3\Lib\site-packages\torch\distrib
uted\elastic\rendezvous\static_tcp_rendezvous.py", line 67, in 
next_rendezvous
    self._store = TCPStore(  # type: ignore[call-arg]
                  ~~~~~~~~^^^^^^^^^^^^^^^^^^^^^^^^^^^
        self.master_addr,
        ^^^^^^^^^^^^^^^^^
    ...<4 lines>...
        multi_tenant=True,
        ^^^^^^^^^^^^^^^^^^
    )
    ^
torch.distributed.DistStoreError: use_libuv was requested but 
PyTorch was built without libuv support, run with USE_LIBUV=0 to 
disable it.
